94196799|W|19463|INDRAJIT SWAIN|cow9/sheep4
94196302|L|-986|Densike|cow6/sheep8
94195813|L|-2054|Nuri DUDAK|cow8/sheep4
94195332|W|22021|Gajenddra Raj|cow9/sheep4
94194853|W|21577|Muneeb ul Hassan|cow9/sheep4
94194379|W|22070|xsong2020|cow8/sheep6
94193895|W|5157|Pranjal Ranjan|cow7/sheep7
94193417|W|22205|Nguyen Ngoc Thien|cow8/sheep6
94192939|W|30930|RaymondZhao0304|cow8/sheep6
94192465|W|36236|ChrisLeiteScha|cow8/sheep6
94191992|W|16552|Ankit Sain|cow8/sheep6
94191531|W|71918|Kakarott 10|cow3/sheep5
94191050|W|85356|Tanaka Chiromo|cow22/sheep0
94190573|W|135372|Andy Andy|cow7/sheep5
94197283|W|19047|boluosnow|cow9/sheep4
94197768|W|19193|EdGy2k|cow9/sheep4
94198259|W|1213|XDang13|cow9/sheep5
94198691|L|-3010|Bruce|cow10/sheep4
94198751|W|6275|Ankit Hemant Lade|cow9/sheep4
94199727|W|1511|Kamal Das|cow8/sheep4
94199245|W|116|cf696666|cow8/sheep4
94200697|W|58|sukeke|cow8/sheep4
94200217|W|118|STRAF|cow9/sheep4
94201184|W|358|寿!|cow10/sheep4
94201668|W|161|FarmGoose|cow8/sheep4
94202142|L|-318|Manav|cow8/sheep4
94202621|L|-2118|Maram Ali|cow8/sheep4
94203114|L|-1951|maxout|cow8/sheep4
94203130|L|-7820|Gordeev Max|cow6/sheep12
94203620|W|611|ichnixhelle|cow8/sheep4
94204092|W|277|T3jas06|cow8/sheep4
94204600|L|-3688|motemen|cow8/sheep4
